// Jest Snapshot v1, https://goo.gl/fbAQLP

exports[`Pruebas en JournalEntry debe de mostrarse correctamente 1`] = `
<div
  className="journal__entry pointer animate__animated animate__flipInY animate__fast"
  onClick={[Function]}
>
  <div
    className="journal__entry-picture"
    style={
      Object {
        "backgroundImage": "url(https://algunlugarl.com/foto.jpg)",
        "backgroundSize": "cover",
      }
    }
  />
  <div
    className="journal__entry-body"
  >
    <p
      className="journal__entry-title"
    >
      hola
    </p>
    <p
      className="journal__entry-content"
    >
      mundo
    </p>
  </div>
  <div
    className="journal__entry-date-box"
  >
    <span>
      Thursday
    </span>
    <h4>
      1st
    </h4>
  </div>
</div>
`;
