// Jest Snapshot v1, https://goo.gl/fbAQLP

exports[`Pruebas en componente <HomeScreen /> Debe de mostrar el componente correctamente 1`] = `
<div>
  <h1>
    Home Screen
  </h1>
  <hr />
  <pre>
    {
   "name": "fernando",
   "email": "fernando@email.com"
}
  </pre>
</div>
`;
