// Jest Snapshot v1, https://goo.gl/fbAQLP

exports[`Pruebas en HookApp Debe de hacer match con la snapshot 1`] = `
<div>
  <h1>
    Hola mundo
  </h1>
</div>
`;
