// Jest Snapshot v1, https://goo.gl/fbAQLP

exports[`Pruebas en <RealExampleRef> Debe mostrarse correctamente 1`] = `
<Fragment>
  <h1>
    Real Example ref
  </h1>
  <hr />
  <button
    className="btn btn-primary mt-1 d-block"
    onClick={[Function]}
  >
    Show/HIde
  </button>
</Fragment>
`;
